[rstheme.com/products/html/braintech/index.html]
[backblue.gif]
[fade.gif]
[index.html]
[rstheme.com/products/html/braintech/apple-touch-icon.png]
[rstheme.com/products/html/braintech/assets/images/fav.png]
[rstheme.com/products/html/braintech/assets/css/bootstrap.min.css]
[rstheme.com/products/html/braintech/assets/css/font-awesome.min.css]
[rstheme.com/products/html/braintech/assets/fonts/flaticon.css]
[rstheme.com/products/html/braintech/assets/css/animate.css]
[rstheme.com/products/html/braintech/assets/css/owl.carousel.css]
[rstheme.com/products/html/braintech/assets/css/slick.css]
[rstheme.com/products/html/braintech/assets/css/off-canvas.css]
[rstheme.com/products/html/braintech/assets/css/magnific-popup.css]
[rstheme.com/products/html/braintech/assets/css/rsmenu-main.css]
[rstheme.com/products/html/braintech/assets/css/rs-spacing.css]
[rstheme.com/products/html/braintech/style.css]
[rstheme.com/products/html/braintech/assets/css/responsive.css]
[rstheme.com/products/html/braintech/assets/images/logo-dark.png]
[rstheme.com/products/html/braintech/assets/images/logo-light.png]
[rstheme.com/products/html/braintech/index2.html]
[rstheme.com/products/html/braintech/index3.html]
[rstheme.com/products/html/braintech/index4.html]
[rstheme.com/products/html/braintech/index5.html]
[rstheme.com/products/html/braintech/index6.html]
[rstheme.com/products/html/braintech/index7.html]
[rstheme.com/products/html/braintech/index8.html]
[rstheme.com/products/html/braintech/index9.html]
[rstheme.com/products/html/braintech/index10.html]
[rstheme.com/products/html/braintech/index11.html]
[rstheme.com/products/html/braintech/index12.html]
[rstheme.com/products/html/braintech/index13.html]
[rstheme.com/products/html/braintech/index14.html]
[rstheme.com/products/html/braintech/onepage1.html]
[rstheme.com/products/html/braintech/onepage2.html]
[rstheme.com/products/html/braintech/onepage3.html]
[rstheme.com/products/html/braintech/onepage4.html]
[rstheme.com/products/html/braintech/onepage5.html]
[rstheme.com/products/html/braintech/onepage6.html]
[rstheme.com/products/html/braintech/onepage7.html]
[rstheme.com/products/html/braintech/onepage8.html]
[rstheme.com/products/html/braintech/onepage9.html]
[rstheme.com/products/html/braintech/onepage10.html]
[rstheme.com/products/html/braintech/onepage11.html]
[rstheme.com/products/html/braintech/onepage12.html]
[rstheme.com/products/html/braintech/onepage13.html]
[rstheme.com/products/html/braintech/onepage14.html]
[rstheme.com/products/html/braintech/about.html]
[rstheme.com/products/html/braintech/software-development.html]
[rstheme.com/products/html/braintech/web-development.html]
[rstheme.com/products/html/braintech/analytic-solutions.html]
[rstheme.com/products/html/braintech/cloud-and-devops.html]
[rstheme.com/products/html/braintech/product-design.html]
[rstheme.com/products/html/braintech/data-center.html]
[rstheme.com/products/html/braintech/services1.html]
[rstheme.com/products/html/braintech/services2.html]
[rstheme.com/products/html/braintech/services3.html]
[rstheme.com/products/html/braintech/our-team.html]
[rstheme.com/products/html/braintech/single-team.html]
[rstheme.com/products/html/braintech/case-studies-style1.html]
[rstheme.com/products/html/braintech/case-studies-style2.html]
[rstheme.com/products/html/braintech/case-studies-style3.html]
[rstheme.com/products/html/braintech/case-studies-style4.html]
[rstheme.com/products/html/braintech/case-studies-style5.html]
[rstheme.com/products/html/braintech/case-studies-style6.html]
[rstheme.com/products/html/braintech/case-studies-style7.html]
[rstheme.com/products/html/braintech/shop.html]
[rstheme.com/products/html/braintech/shop-single.html]
[rstheme.com/products/html/braintech/cart.html]
[rstheme.com/products/html/braintech/checkout.html]
[rstheme.com/products/html/braintech/my-account.html]
[rstheme.com/products/html/braintech/pricing.html]
[rstheme.com/products/html/braintech/faq.html]
[rstheme.com/products/html/braintech/error.html]
[rstheme.com/products/html/braintech/blog.html]
[rstheme.com/products/html/braintech/blog-details.html]
[rstheme.com/products/html/braintech/contact.html]
[rstheme.com/products/html/braintech/assets/images/about/main-home/about-part-1.png]
[rstheme.com/products/html/braintech/assets/images/about/main-home/about-part-2.png]
[rstheme.com/products/html/braintech/assets/images/about/main-home/about-part-3.png]
[rstheme.com/products/html/braintech/assets/images/services/main-home/icons/1.png]
[rstheme.com/products/html/braintech/assets/images/services/main-home/icons/2.png]
[rstheme.com/products/html/braintech/assets/images/services/main-home/icons/3.png]
[rstheme.com/products/html/braintech/case-studies-single.html]
[rstheme.com/products/html/braintech/assets/images/services/main-home/icons/4.png]
[rstheme.com/products/html/braintech/assets/images/services/main-home/icons/5.png]
[rstheme.com/products/html/braintech/assets/images/services/main-home/icons/6.png]
[rstheme.com/products/html/braintech/assets/images/call-us/contact-here.png]
[rstheme.com/products/html/braintech/assets/images/project/main-home/1.jpg]
[rstheme.com/products/html/braintech/assets/images/project/main-home/2.jpg]
[rstheme.com/products/html/braintech/assets/images/project/main-home/3.jpg]
[rstheme.com/products/html/braintech/case-studies-style1]
[rstheme.com/products/html/braintech/assets/images/project/main-home/4.jpg]
[rstheme.com/products/html/braintech/assets/images/project/main-home/5.jpg]
[rstheme.com/products/html/braintech/assets/images/project/main-home/6.jpg]
[rstheme.com/products/html/braintech/assets/images/pricing/main-home/icons/1.png]
[rstheme.com/products/html/braintech/assets/images/pricing/main-home/icons/2.png]
[rstheme.com/products/html/braintech/assets/images/pricing/main-home/icons/3.png]
[rstheme.com/products/html/braintech/assets/images/testimonial/main-home/quote2.png]
[rstheme.com/products/html/braintech/assets/images/testimonial/main-home/1.jpg]
[rstheme.com/products/html/braintech/assets/images/testimonial/main-home/2.jpg]
[rstheme.com/products/html/braintech/assets/images/testimonial/main-home/3.jpg]
[rstheme.com/products/html/braintech/assets/images/testimonial/main-home/4.jpg]
[rstheme.com/products/html/braintech/assets/images/blog/main-home/1.jpg]
[rstheme.com/products/html/braintech/assets/images/blog/main-home/2.jpg]
[rstheme.com/products/html/braintech/assets/images/blog/main-home/3.jpg]
[rstheme.com/products/html/braintech/assets/images/blog/main-home/4.jpg]
[rstheme.com/products/html/braintech/assets/images/blog/main-home/5.jpg]
[rstheme.com/products/html/braintech/assets/images/blog/main-home/6.jpg]
[rstheme.com/products/html/braintech/assets/images/partner/1.png]
[rstheme.com/products/html/braintech/assets/images/partner/2.png]
[rstheme.com/products/html/braintech/assets/images/partner/3.png]
[rstheme.com/products/html/braintech/assets/images/partner/4.png]
[rstheme.com/products/html/braintech/assets/images/partner/5.png]
[rstheme.com/products/html/braintech/assets/images/partner/6.png]
[rstheme.com/products/html/braintech/assets/images/partner/7.png]
[rstheme.com/products/html/braintech/assets/images/partner/8.png]
[rstheme.com/products/html/braintech/assets/images/partner/9.png]
[rstheme.com/products/html/braintech/assets/js/modernizr-2.8.3.min.js]
[rstheme.com/products/html/braintech/assets/js/jquery.min.js]
[rstheme.com/products/html/braintech/assets/js/bootstrap.min.js]
[rstheme.com/products/html/braintech/assets/js/rsmenu-main.js]
[rstheme.com/products/html/braintech/assets/js/jquery.nav.js]
[rstheme.com/products/html/braintech/assets/js/owl.carousel.min.js]
[rstheme.com/products/html/braintech/assets/js/wow.min.js]
[rstheme.com/products/html/braintech/assets/js/skill.bars.jquery.js]
[rstheme.com/products/html/braintech/assets/js/jquery.counterup.min.js]
[rstheme.com/products/html/braintech/assets/js/waypoints.min.js]
[rstheme.com/products/html/braintech/assets/js/swiper.min.js]
[rstheme.com/products/html/braintech/assets/js/particles.min.js]
[rstheme.com/products/html/braintech/assets/js/jquery.magnific-popup.min.js]
[rstheme.com/products/html/braintech/assets/js/plugins.js]
[rstheme.com/products/html/braintech/assets/js/pointer.js]
[rstheme.com/products/html/braintech/assets/js/contact.form.js]
[rstheme.com/products/html/braintech/assets/js/appointment.form.js]
[rstheme.com/products/html/braintech/index.html]
[rstheme.com/products/html/braintech/apple-touch-icon.html]
[rstheme.com/products/html/braintech/assets/css/bootstrap.min.css]
[rstheme.com/products/html/braintech/assets/js/main.js]
[rstheme.com/products/html/braintech/assets/fonts/fontawesome-webfont3e6e.eot]
[rstheme.com/products/html/braintech/assets/fonts/fontawesome-webfontd41d.eot]
[rstheme.com/products/html/braintech/assets/fonts/fontawesome-webfont3e6e.woff2]
[rstheme.com/products/html/braintech/assets/fonts/fontawesome-webfont3e6e.woff]
[rstheme.com/products/html/braintech/assets/css/font-awesome.min.css]
[rstheme.com/products/html/braintech/assets/fonts/fontawesome-webfont3e6e.ttf]
[rstheme.com/products/html/braintech/assets/fonts/Flaticon.eot]
[rstheme.com/products/html/braintech/assets/fonts/fontawesome-webfont3e6e.svg]
[rstheme.com/products/html/braintech/assets/fonts/Flaticond41d.eot]
[rstheme.com/products/html/braintech/assets/fonts/Flaticon.woff2]
[rstheme.com/products/html/braintech/assets/fonts/Flaticon.woff]
[rstheme.com/products/html/braintech/assets/fonts/Flaticon.ttf]
[rstheme.com/products/html/braintech/assets/fonts/flaticon.css]
[rstheme.com/products/html/braintech/assets/css/animate.css]
[rstheme.com/products/html/braintech/assets/fonts/Flaticon.svg]
[rstheme.com/products/html/braintech/assets/css/owl.video.play.png]
[rstheme.com/products/html/braintech/assets/css/owl.carousel.css]
[rstheme.com/products/html/braintech/assets/css/slick.css]
[rstheme.com/products/html/braintech/assets/css/off-canvas.css]
[rstheme.com/products/html/braintech/assets/css/magnific-popup.css]
[rstheme.com/products/html/braintech/assets/css/rsmenu-main.css]
[rstheme.com/products/html/braintech/assets/css/rs-spacing.css]
[rstheme.com/products/html/braintech/assets/images/close.png]
[rstheme.com/products/html/braintech/assets/images/bg/testimonial-bg.png]
[rstheme.com/products/html/braintech/assets/images/bg/counter-bg.png]
[rstheme.com/products/html/braintech/assets/images/bg/process-bg.jpg]
[rstheme.com/products/html/braintech/assets/images/bg/about-2.jpg]
[rstheme.com/products/html/braintech/assets/images/bg/project-bg.png]
[rstheme.com/products/html/braintech/assets/images/bg/cta-bg.jpg]
[rstheme.com/products/html/braintech/assets/images/bg/call-action.jpg]
[rstheme.com/products/html/braintech/assets/images/bg/work-bg.png]
[rstheme.com/products/html/braintech/assets/images/bg/testi-home7.jpg]
[rstheme.com/products/html/braintech/assets/images/bg/index-bg.jpg]
[rstheme.com/products/html/braintech/assets/images/bg/case-study.jpg]
[rstheme.com/products/html/braintech/assets/images/bg/services-bg.jpg]
[rstheme.com/products/html/braintech/assets/images/bg/choose-bg.jpg]
[rstheme.com/products/html/braintech/assets/images/bg/steps-area.png]
[rstheme.com/products/html/braintech/assets/images/bg/tech-bg.png]
[rstheme.com/products/html/braintech/assets/images/bg/call-to-action2.jpg]
[rstheme.com/products/html/braintech/assets/images/bg/shape-bg2.png]
[rstheme.com/products/html/braintech/assets/images/bg/3counter-.jpg]
[rstheme.com/products/html/braintech/assets/images/bg/services-bg-shape.png]
[rstheme.com/products/html/braintech/assets/images/bg/home13/counter-bg.png]
[rstheme.com/products/html/braintech/assets/images/bg/testi12-bg.jpg]
[rstheme.com/products/html/braintech/assets/images/bg/call-action3.jpg]
[rstheme.com/products/html/braintech/assets/images/bg/cta-bg13.jpg]
[rstheme.com/products/html/braintech/assets/images/bg/skill-bg16.jpg]
[rstheme.com/products/html/braintech/assets/images/bg/service-bg16.jpg]
[rstheme.com/products/html/braintech/assets/images/bg/counter-bg16.jpg]
[rstheme.com/products/html/braintech/assets/images/bg/testi-bg16.jpg]
[rstheme.com/products/html/braintech/assets/images/bg/cta-bg16.jpg]
[rstheme.com/products/html/braintech/assets/images/bg/steps-bg.jpg]
[rstheme.com/products/html/braintech/assets/images/banner/banner-1.jpg]
[rstheme.com/products/html/braintech/assets/images/banner/banner-2.jpg]
[rstheme.com/products/html/braintech/assets/images/banner/banner-6.jpg]
[rstheme.com/products/html/braintech/assets/images/banner/style2/banner-9.jpg]
[rstheme.com/products/html/braintech/assets/images/banner/style3/home-11.jpg]
[rstheme.com/products/html/braintech/assets/images/banner/home-12.jpg]
[rstheme.com/products/html/braintech/assets/images/banner/style4/banner-bg.png]
[rstheme.com/products/html/braintech/assets/images/banner/banner14.jpg]
[rstheme.com/products/html/braintech/assets/images/breadcrumbs/1.jpg]
[rstheme.com/products/html/braintech/assets/images/breadcrumbs/2.jpg]
[rstheme.com/products/html/braintech/assets/images/breadcrumbs/3.jpg]
[rstheme.com/products/html/braintech/assets/images/breadcrumbs/4.jpg]
[rstheme.com/products/html/braintech/assets/images/slider/slider-1-1.jpg]
[rstheme.com/products/html/braintech/assets/images/slider/slider-2.jpg]
[rstheme.com/products/html/braintech/assets/images/slider/style2/2.jpg]
[rstheme.com/products/html/braintech/assets/images/slider/style2/1.jpg]
[rstheme.com/products/html/braintech/assets/images/video/video.jpg]
[rstheme.com/products/html/braintech/assets/images/bg/team-bg.png]
[rstheme.com/products/html/braintech/assets/images/team/ngbng.png]
[rstheme.com/products/html/braintech/assets/images/services/main-home/icons/bg-box.png]
[rstheme.com/products/html/braintech/assets/images/services/main-home/icons/bg-box-2.png]
[rstheme.com/products/html/braintech/assets/images/services/main-home/icons/bg-box-3.png]
[rstheme.com/products/html/braintech/assets/images/services/single/contact-phone.jpg]
[rstheme.com/products/html/braintech/assets/images/bg/partners-bg.jpg]
[rstheme.com/products/html/braintech/assets/images/bg/footer-bg.png]
[rstheme.com/products/html/braintech/assets/images/bg/footer-bg2.jpg]
[rstheme.com/products/html/braintech/assets/images/bg/error.jpg]
[rstheme.com/products/html/braintech/style.css]
[rstheme.com/products/html/braintech/assets/css/responsive.css]
[rstheme.com/products/html/braintech/assets/images/services/style1/1.png]
[rstheme.com/products/html/braintech/assets/images/services/style1/2.png]
[rstheme.com/products/html/braintech/assets/images/services/style1/3.png]
[rstheme.com/products/html/braintech/assets/images/services/style1/4.png]
[rstheme.com/products/html/braintech/assets/images/about/about-2.png]
[rstheme.com/products/html/braintech/assets/images/services/shape-2.png]
[rstheme.com/products/html/braintech/assets/images/services/shape-3.png]
[rstheme.com/products/html/braintech/assets/images/testimonial/main-home/quote-white.png]
[rstheme.com/products/html/braintech/index2.html]
[rstheme.com/products/html/braintech/assets/images/services/shape.png]
[rstheme.com/products/html/braintech/assets/images/about/about-3.png]
[rstheme.com/products/html/braintech/assets/images/about/effect-1.png]
[rstheme.com/products/html/braintech/assets/images/about/dotted-3.png]
[rstheme.com/products/html/braintech/assets/images/about/shape3.png]
[rstheme.com/products/html/braintech/assets/images/services/s2.png]
[rstheme.com/products/html/braintech/assets/images/team/style1/1.jpg]
[rstheme.com/products/html/braintech/assets/images/team/style1/2.jpg]
[rstheme.com/products/html/braintech/assets/images/team/style1/3.jpg]
[rstheme.com/products/html/braintech/assets/images/team/style1/4.jpg]
[rstheme.com/products/html/braintech/assets/images/team/style1/5.jpg]
[rstheme.com/products/html/braintech/assets/images/team/style1/6.jpg]
[rstheme.com/products/html/braintech/assets/images/team/style1/7.jpg]
[rstheme.com/products/html/braintech/assets/images/process/1.png]
[rstheme.com/products/html/braintech/assets/images/process/2.png]
[rstheme.com/products/html/braintech/assets/images/process/3.png]
[rstheme.com/products/html/braintech/assets/images/process/4.png]
[rstheme.com/products/html/braintech/assets/images/counter/1.png]
[rstheme.com/products/html/braintech/assets/images/counter/2.png]
[rstheme.com/products/html/braintech/assets/images/counter/3.png]
[rstheme.com/products/html/braintech/assets/images/counter/4.png]
[rstheme.com/products/html/braintech/blog-single]
[rstheme.com/products/html/braintech/index3.html]
[rstheme.com/products/html/braintech/assets/images/banner/banner-3.png]
[rstheme.com/products/html/braintech/assets/images/services/style2/main-img/1.png]
[rstheme.com/products/html/braintech/assets/images/services/style2/hover-img/1.png]
[rstheme.com/products/html/braintech/assets/images/services/style2/main-img/2.png]
[rstheme.com/products/html/braintech/assets/images/services/style2/hover-img/2.png]
[rstheme.com/products/html/braintech/assets/images/services/style2/main-img/3.png]
[rstheme.com/products/html/braintech/assets/images/services/style2/hover-img/3.png]
[rstheme.com/products/html/braintech/assets/images/services/style2/main-img/4.png]
[rstheme.com/products/html/braintech/assets/images/services/style2/hover-img/4.png]
[rstheme.com/products/html/braintech/assets/images/services/style2/main-img/5.png]
[rstheme.com/products/html/braintech/assets/images/services/style2/hover-img/5.png]
[rstheme.com/products/html/braintech/assets/images/services/style2/main-img/6.png]
[rstheme.com/products/html/braintech/assets/images/services/style2/hover-img/6.png]
[rstheme.com/products/html/braintech/assets/images/about/about-4.png]
[rstheme.com/products/html/braintech/assets/images/process/circle.png]
[rstheme.com/products/html/braintech/assets/images/choose/icons/1.png]
[rstheme.com/products/html/braintech/assets/images/choose/icons/2.png]
[rstheme.com/products/html/braintech/assets/images/choose/icons/3.png]
[rstheme.com/products/html/braintech/assets/images/choose/1.png]
[rstheme.com/products/html/braintech/assets/images/choose/dotted-2.png]
[rstheme.com/products/html/braintech/assets/images/choose/dotted-1.png]
[rstheme.com/products/html/braintech/assets/images/testimonial/testimonial-2.png]
[rstheme.com/products/html/braintech/index4.html]
[rstheme.com/products/html/braintech/assets/images/banner/banner-4.png]
[rstheme.com/products/html/braintech/assets/images/partner/style2/1.png]
[rstheme.com/products/html/braintech/assets/images/partner/style2/2.png]
[rstheme.com/products/html/braintech/assets/images/partner/style2/3.png]
[rstheme.com/products/html/braintech/assets/images/partner/style2/4.png]
[rstheme.com/products/html/braintech/assets/images/partner/style2/5.png]
[rstheme.com/products/html/braintech/assets/images/partner/style2/6.png]
[rstheme.com/products/html/braintech/assets/images/partner/style2/7.png]
[rstheme.com/products/html/braintech/assets/images/partner/style2/8.png]
[rstheme.com/products/html/braintech/assets/images/services/style3/main-img/1.png]
[rstheme.com/products/html/braintech/assets/images/services/style3/hover-img/1.png]
[rstheme.com/products/html/braintech/assets/images/services/style3/main-img/2.png]
[rstheme.com/products/html/braintech/assets/images/services/style3/hover-img/2.png]
[rstheme.com/products/html/braintech/assets/images/services/style3/main-img/3.png]
[rstheme.com/products/html/braintech/assets/images/services/style3/hover-img/3.png]
[rstheme.com/products/html/braintech/assets/images/services/style3/main-img/4.png]
[rstheme.com/products/html/braintech/assets/images/services/style3/hover-img/4.png]
[rstheme.com/products/html/braintech/assets/images/about/about-5.png]
[rstheme.com/products/html/braintech/assets/images/choose/2.png]
[rstheme.com/products/html/braintech/assets/images/choose/icons/style2/1.png]
[rstheme.com/products/html/braintech/assets/images/choose/icons/style2/2.png]
[rstheme.com/products/html/braintech/assets/images/choose/icons/style2/3.png]
[rstheme.com/products/html/braintech/blog-details.htm]
[rstheme.com/products/html/braintech/index5.html]
[rstheme.com/products/html/braintech/assets/images/banner/banner-5.png]
[rstheme.com/products/html/braintech/assets/images/banner/b4-dot-6.png]
[rstheme.com/products/html/braintech/assets/images/services/main-home/icons/7.png]
[rstheme.com/products/html/braintech/assets/images/services/main-home/icons/8.png]
[rstheme.com/products/html/braintech/assets/images/services/main-home/icons/9.png]
[rstheme.com/products/html/braintech/assets/images/about/about-6.png]
[rstheme.com/products/html/braintech/assets/images/technology/style3/1.png]
[rstheme.com/products/html/braintech/assets/images/technology/style3/2.png]
[rstheme.com/products/html/braintech/assets/images/technology/style3/3.png]
[rstheme.com/products/html/braintech/assets/images/technology/style3/4.png]
[rstheme.com/products/html/braintech/assets/images/technology/style3/5.png]
[rstheme.com/products/html/braintech/assets/images/technology/style3/6.png]
[rstheme.com/products/html/braintech/assets/images/technology/style3/7.png]
[rstheme.com/products/html/braintech/assets/images/technology/style3/8.png]
[rstheme.com/products/html/braintech/assets/images/technology/style3/9.png]
[rstheme.com/products/html/braintech/assets/images/technology/style3/10.png]
[rstheme.com/products/html/braintech/assets/images/technology/style2/1.png]
[rstheme.com/products/html/braintech/assets/images/technology/style2/2.png]
[rstheme.com/products/html/braintech/assets/images/technology/style2/3.png]
[rstheme.com/products/html/braintech/assets/images/technology/style2/4.png]
[rstheme.com/products/html/braintech/assets/images/technology/style2/5.png]
[rstheme.com/products/html/braintech/assets/images/technology/style2/6.png]
[rstheme.com/products/html/braintech/assets/images/technology/style2/7.png]
[rstheme.com/products/html/braintech/assets/images/technology/style2/8.png]
[rstheme.com/products/html/braintech/assets/images/technology/style2/9.png]
[rstheme.com/products/html/braintech/assets/images/technology/style2/10.png]
[rstheme.com/products/html/braintech/assets/images/technology/style2/11.png]
[rstheme.com/products/html/braintech/assets/images/technology/style2/12.png]
[rstheme.com/products/html/braintech/assets/images/technology/style2/13.png]
[rstheme.com/products/html/braintech/assets/images/technology/style2/14.png]
[rstheme.com/products/html/braintech/assets/images/technology/style2/15.png]
[rstheme.com/products/html/braintech/assets/images/technology/style2/16.png]
[rstheme.com/products/html/braintech/assets/images/technology/style2/17.png]
[rstheme.com/products/html/braintech/assets/images/technology/style2/18.png]
[rstheme.com/products/html/braintech/assets/images/services/style3/main-img/5.png]
[rstheme.com/products/html/braintech/assets/images/services/style3/hover-img/5.png]
[rstheme.com/products/html/braintech/assets/images/services/style3/main-img/6.png]
[rstheme.com/products/html/braintech/assets/images/services/style3/hover-img/6.png]
[rstheme.com/products/html/braintech/assets/images/services/style3/main-img/7.png]
[rstheme.com/products/html/braintech/assets/images/services/style3/hover-img/7.png]
[rstheme.com/products/html/braintech/assets/images/services/style3/main-img/8.png]
[rstheme.com/products/html/braintech/assets/images/services/style3/hover-img/8.png]
[rstheme.com/products/html/braintech/assets/images/services/style3/main-img/9.png]
[rstheme.com/products/html/braintech/assets/images/services/style3/hover-img/9.png]
[rstheme.com/products/html/braintech/assets/images/services/style3/main-img/10.png]
[rstheme.com/products/html/braintech/assets/images/services/style3/hover-img/10.png]
[rstheme.com/products/html/braintech/assets/images/project/style2/1.jpg]
[rstheme.com/products/html/braintech/assets/images/project/style2/2.jpg]
[rstheme.com/products/html/braintech/assets/images/project/style2/3.jpg]
[rstheme.com/products/html/braintech/assets/images/project/style2/4.jpg]
[rstheme.com/products/html/braintech/assets/images/project/style2/5.jpg]
[rstheme.com/products/html/braintech/assets/images/project/style2/6.jpg]
[rstheme.com/products/html/braintech/assets/images/testimonial/testimonial-3.png]
[rstheme.com/products/html/braintech/index6.html]
[rstheme.com/products/html/braintech/assets/images/services/style4/1.png]
[rstheme.com/products/html/braintech/assets/images/services/style4/2.png]
[rstheme.com/products/html/braintech/assets/images/services/style4/3.png]
[rstheme.com/products/html/braintech/assets/images/about/style2/round.png]
[rstheme.com/products/html/braintech/assets/images/about/style2/about1.png]
[rstheme.com/products/html/braintech/assets/images/services/style5/1.png]
[rstheme.com/products/html/braintech/assets/images/services/style5/2.png]
[rstheme.com/products/html/braintech/assets/images/services/style5/3.png]
[rstheme.com/products/html/braintech/assets/images/services/style5/4.png]
[rstheme.com/products/html/braintech/assets/images/services/style5/5.png]
[rstheme.com/products/html/braintech/assets/images/services/style5/6.png]
[rstheme.com/products/html/braintech/assets/images/team/style1/8.jpg]
[rstheme.com/products/html/braintech/assets/images/testimonial/main-home/quote3.png]
[rstheme.com/products/html/braintech/assets/images/pricing/main-home/style2/1.png]
[rstheme.com/products/html/braintech/assets/images/pricing/main-home/style2/2.png]
[rstheme.com/products/html/braintech/assets/images/pricing/main-home/style2/3.png]
[rstheme.com/products/html/braintech/assets/images/technology/style4/hover-img/1.png]
[rstheme.com/products/html/braintech/assets/images/technology/style4/main-img/1.png]
[rstheme.com/products/html/braintech/assets/images/technology/style4/hover-img/2.png]
[rstheme.com/products/html/braintech/assets/images/technology/style4/main-img/2.png]
[rstheme.com/products/html/braintech/assets/images/technology/style4/hover-img/3.png]
[rstheme.com/products/html/braintech/assets/images/technology/style4/main-img/3.png]
[rstheme.com/products/html/braintech/assets/images/technology/style4/hover-img/4.png]
[rstheme.com/products/html/braintech/assets/images/technology/style4/main-img/4.png]
[rstheme.com/products/html/braintech/assets/images/technology/style4/hover-img/5.png]
[rstheme.com/products/html/braintech/assets/images/technology/style4/main-img/5.png]
[rstheme.com/products/html/braintech/assets/images/technology/style4/hover-img/6.png]
[rstheme.com/products/html/braintech/assets/images/technology/style4/main-img/6.png]
[rstheme.com/products/html/braintech/assets/js/time-circle.js]
[rstheme.com/products/html/braintech/index7.html]
[rstheme.com/products/html/braintech/assets/js/jquery.easypiechart.min.js]
[rstheme.com/products/html/braintech/assets/images/slider/style2/house-repair.png]
[rstheme.com/products/html/braintech/assets/images/about/about-7.png]
[rstheme.com/products/html/braintech/assets/images/services/style6/1.png]
[rstheme.com/products/html/braintech/assets/images/services/style6/2.png]
[rstheme.com/products/html/braintech/assets/images/services/style6/3.png]
[rstheme.com/products/html/braintech/assets/images/services/style6/4.png]
[rstheme.com/products/html/braintech/assets/images/services/style6/5.png]
[rstheme.com/products/html/braintech/assets/images/services/style6/6.png]
[rstheme.com/products/html/braintech/Web Development.html]
[rstheme.com/products/html/braintech/index8.html]
[rstheme.com/products/html/braintech/assets/images/banner/style2/best-seller.png]
[rstheme.com/products/html/braintech/assets/images/banner/style2/bnr-ly2.png]
[rstheme.com/products/html/braintech/assets/images/banner/style2/bnr-ly1.png]
[rstheme.com/products/html/braintech/assets/images/services/style8/1.png]
[rstheme.com/products/html/braintech/assets/images/services/style8/2.png]
[rstheme.com/products/html/braintech/assets/images/services/style8/3.png]
[rstheme.com/products/html/braintech/assets/images/about/about-testing.png]
[rstheme.com/products/html/braintech/assets/images/about/why.png]
[rstheme.com/products/html/braintech/assets/images/portfolio.png]
[rstheme.com/products/html/braintech/assets/images/project/style4/1.jpg]
[rstheme.com/products/html/braintech/assets/images/project/style4/2.jpg]
[rstheme.com/products/html/braintech/assets/images/project/style4/3.jpg]
[rstheme.com/products/html/braintech/assets/images/project/style4/4.jpg]
[rstheme.com/products/html/braintech/assets/images/heart.png]
[rstheme.com/products/html/braintech/assets/images/testimonial/main-home/rating.png]
[rstheme.com/products/html/braintech/assets/images/testimonial/main-home/quote11.png]
[rstheme.com/products/html/braintech/assets/images/testimonial/main-home/5.jpg]
[rstheme.com/products/html/braintech/assets/images/tips.png]
[rstheme.com/products/html/braintech/assets/images/blog/inner/1.jpg]
[rstheme.com/products/html/braintech/assets/images/blog/inner/2.jpg]
[rstheme.com/products/html/braintech/assets/images/blog/inner/3.jpg]
[rstheme.com/products/html/braintech/assets/images/blog/inner/4.jpg]
[rstheme.com/products/html/braintech/assets/images/call-us/rocket.png]
[rstheme.com/products/html/braintech/index9.html]
[rstheme.com/products/html/braintech/assets/images/banner/banner-10.png]
[rstheme.com/products/html/braintech/assets/images/features/icons/1.png]
[rstheme.com/products/html/braintech/assets/images/features/icons/3.png]
[rstheme.com/products/html/braintech/assets/images/features/icons/2.png]
[rstheme.com/products/html/braintech/assets/images/features/icons/4.png]
[rstheme.com/products/html/braintech/index10.html]
[rstheme.com/products/html/braintech/index11.html]
[rstheme.com/products/html/braintech/assets/images/services/style9/layer-icon.png]
[rstheme.com/products/html/braintech/assets/images/services/style9/1.jpg]
[rstheme.com/products/html/braintech/assets/images/services/style9/2.jpg]
[rstheme.com/products/html/braintech/assets/images/services/style9/3.jpg]
[rstheme.com/products/html/braintech/assets/images/services/border-shape.png]
[rstheme.com/products/html/braintech/assets/images/project/style5/1.jpg]
[rstheme.com/products/html/braintech/assets/images/project/style5/2.jpg]
[rstheme.com/products/html/braintech/assets/images/project/style5/3.jpg]
[rstheme.com/products/html/braintech/assets/images/project/style5/5.jpg]
[rstheme.com/products/html/braintech/assets/images/project/style5/4.jpg]
[rstheme.com/products/html/braintech/assets/images/project/style5/6.jpg]
[rstheme.com/products/html/braintech/assets/images/testimonial/style2/rating.png]
[rstheme.com/products/html/braintech/assets/images/testimonial/style2/1.jpg]
[rstheme.com/products/html/braintech/assets/images/testimonial/style2/2.jpg]
[rstheme.com/products/html/braintech/assets/images/testimonial/style2/3.jpg]
[rstheme.com/products/html/braintech/assets/images/process/style2/1.jpg]
[rstheme.com/products/html/braintech/assets/images/process/style2/2.jpg]
[rstheme.com/products/html/braintech/assets/images/process/style2/3.jpg]
[rstheme.com/products/html/braintech/assets/images/process/style2/4.jpg]
[rstheme.com/products/html/braintech/assets/js/isotope.pkgd.min.js]
[rstheme.com/products/html/braintech/index12.html]
[rstheme.com/products/html/braintech/assets/js/imagesloaded.pkgd.min.js]
[rstheme.com/products/html/braintech/assets/images/banner/style4/image.png]
[rstheme.com/products/html/braintech/assets/images/banner/style4/circle-1.png]
[rstheme.com/products/html/braintech/assets/images/banner/style4/circle-2.png]
[rstheme.com/products/html/braintech/assets/images/banner/style4/circle-3.png]
[rstheme.com/products/html/braintech/assets/images/banner/style4/shape-1.png]
[rstheme.com/products/html/braintech/assets/images/banner/style4/shape-2.png]
[rstheme.com/products/html/braintech/assets/images/services/style10/1.png]
[rstheme.com/products/html/braintech/assets/images/services/style10/2.png]
[rstheme.com/products/html/braintech/assets/images/services/style10/3.png]
[rstheme.com/products/html/braintech/assets/images/about/style3/1.png]
[rstheme.com/products/html/braintech/assets/images/about/style3/2.png]
[rstheme.com/products/html/braintech/assets/images/bg/sob-bg.png]
[rstheme.com/products/html/braintech/assets/images/about/style3/brand-visual.png]
[rstheme.com/products/html/braintech/assets/images/project/style6/1.jpg]
[rstheme.com/products/html/braintech/assets/images/project/style6/2.jpg]
[rstheme.com/products/html/braintech/assets/images/project/style6/3.jpg]
[rstheme.com/products/html/braintech/assets/images/project/style6/4.jpg]
[rstheme.com/products/html/braintech/assets/images/testimonial/style2/2.png]
[rstheme.com/products/html/braintech/index13.html]
[rstheme.com/products/html/braintech/assets/images/logo-orange.png]
[rstheme.com/products/html/braintech/assets/images/about/about-16.jpg]
[rstheme.com/products/html/braintech/assets/images/icon.png]
[rstheme.com/products/html/braintech/assets/images/shape.png]
[rstheme.com/products/html/braintech/assets/images/services/style11/1.jpg]
[rstheme.com/products/html/braintech/assets/images/services/style11/icons/1.png]
[rstheme.com/products/html/braintech/assets/images/services/style11/2.jpg]
[rstheme.com/products/html/braintech/assets/images/services/style11/icons/2.png]
[rstheme.com/products/html/braintech/assets/images/services/style11/3.jpg]
[rstheme.com/products/html/braintech/assets/images/services/style11/icons/3.png]
[rstheme.com/products/html/braintech/assets/images/services/style11/4.jpg]
[rstheme.com/products/html/braintech/assets/images/services/style11/icons/4.png]
[rstheme.com/products/html/braintech/assets/images/services/style11/5.jpg]
[rstheme.com/products/html/braintech/assets/images/services/style11/icons/5.png]
[rstheme.com/products/html/braintech/assets/images/services/style11/6.jpg]
[rstheme.com/products/html/braintech/assets/images/services/style11/icons/6.png]
[rstheme.com/products/html/braintech/assets/images/counter/style2/1.jpg]
[rstheme.com/products/html/braintech/assets/images/counter/style2/2.jpg]
[rstheme.com/products/html/braintech/assets/images/counter/style2/3.jpg]
[rstheme.com/products/html/braintech/assets/images/counter/style2/4.jpg]
[rstheme.com/products/html/braintech/assets/images/testimonial/style3/1.jpg]
[rstheme.com/products/html/braintech/assets/images/testimonial/style3/quote2.png]
[rstheme.com/products/html/braintech/assets/images/testimonial/style3/2.jpg]
[rstheme.com/products/html/braintech/assets/images/testimonial/style3/3.jpg]
[rstheme.com/products/html/braintech/assets/images/blog/inner/5.jpg]
[rstheme.com/products/html/braintech/assets/images/blog/inner/6.jpg]
[rstheme.com/products/html/braintech/assets/images/blog/inner/7.jpg]
[rstheme.com/products/html/braintech/assets/images/blog/inner/8.jpg]
[rstheme.com/products/html/braintech/assets/images/blog/inner/9.jpg]
[rstheme.com/products/html/braintech/assets/images/blog/inner/10.jpg]
[rstheme.com/products/html/braintech/index14.html]
[rstheme.com/products/html/braintech/assets/js/slick.min.js]
[rstheme.com/products/html/braintech/assets/images/team/style1/9.jpg]
[rstheme.com/products/html/braintech/onepage1.html]
[rstheme.com/products/html/braintech/onepage2.html]
[rstheme.com/products/html/braintech/onepage3.html]
[rstheme.com/products/html/braintech/about.htmweb-development.html]
[rstheme.com/products/html/braintech/case-stublog-details.html]
[rstheme.com/products/html/braintech/onepage4.html]
[rstheme.com/products/html/braintech/onepage5.html]
[rstheme.com/products/html/braintech/web-blog-details.html]
[rstheme.com/products/html/braintech/onepage6.html]
[rstheme.com/products/html/braintech/web-development.htmcase-studies-style1.html]
[rstheme.com/products/html/braintech/onepage7.html]
[rstheme.com/products/html/braintech/onepage8.html]
[rstheme.com/products/html/braintech/onepage9.html]
[rstheme.com/products/html/braintech/onepage10.html]
[rstheme.com/products/html/braintech/onepage11.html]
[rstheme.com/products/html/braintech/onepage12.html]
[rstheme.com/products/html/braintech/onepage13.html]
[rstheme.com/products/html/braintech/onepage14.html]
[rstheme.com/products/html/braintech/about.html]
[rstheme.com/products/html/braintech/assets/images/about/about-us/1.jpg]
[rstheme.com/products/html/braintech/assets/images/services/style7/1.png]
[rstheme.com/products/html/braintech/assets/images/services/style7/2.png]
[rstheme.com/products/html/braintech/assets/images/services/style7/3.png]
[rstheme.com/products/html/braintech/assets/images/choose/3.png]
[rstheme.com/products/html/braintech/software-development.html]
[rstheme.com/products/html/braintech/assets/images/services/single/1.jpg]
[rstheme.com/products/html/braintech/assets/images/services/single/2.jpg]
[rstheme.com/products/html/braintech/assets/images/services/single/3.jpg]
[rstheme.com/products/html/braintech/assets/images/testimonial/main-home/quote-white2.png]
[rstheme.com/products/html/braintech/web-development.html]
[rstheme.com/products/html/braintech/analytic-solutions.html]
[rstheme.com/products/html/braintech/cloud-and-devops.html]
[rstheme.com/products/html/braintech/product-design.html]
[rstheme.com/products/html/braintech/data-center.html]
[rstheme.com/products/html/braintech/services1.html]
[rstheme.com/products/html/braintech/services2.html]
[rstheme.com/products/html/braintech/services3.html]
[rstheme.com/products/html/braintech/our-team.html]
[rstheme.com/products/html/braintech/single-team.html]
[rstheme.com/products/html/braintech/case-studies-style1.html]
[rstheme.com/products/html/braintech/case-studies-style2.html]
[rstheme.com/products/html/braintech/case-studies-style3.html]
[rstheme.com/products/html/braintech/assets/images/project/style3/1.jpg]
[rstheme.com/products/html/braintech/assets/images/project/style3/2.jpg]
[rstheme.com/products/html/braintech/assets/images/project/style3/3.jpg]
[rstheme.com/products/html/braintech/assets/images/project/style3/4.jpg]
[rstheme.com/products/html/braintech/assets/images/project/style3/5.jpg]
[rstheme.com/products/html/braintech/assets/images/project/style3/6.jpg]
[rstheme.com/products/html/braintech/case-studies-style4.html]
[rstheme.com/products/html/braintech/case-studies-style5.html]
[rstheme.com/products/html/braintech/case-studies-style6.html]
[rstheme.com/products/html/braintech/case-studies-style7.html]
[rstheme.com/products/html/braintech/assets/images/shop/1.jpg]
[rstheme.com/products/html/braintech/assets/images/shop/2.jpg]
[rstheme.com/products/html/braintech/assets/images/shop/3.jpg]
[rstheme.com/products/html/braintech/assets/images/shop/4.jpg]
[rstheme.com/products/html/braintech/assets/images/shop/5.jpg]
[rstheme.com/products/html/braintech/assets/images/shop/6.jpg]
[rstheme.com/products/html/braintech/assets/images/shop/7.jpg]
[rstheme.com/products/html/braintech/assets/images/shop/8.jpg]
[rstheme.com/products/html/braintech/assets/images/shop/9.jpg]
[rstheme.com/products/html/braintech/shop.html]
[rstheme.com/products/html/braintech/shop-single.html]
[rstheme.com/products/html/braintech/cart.html]
[rstheme.com/products/html/braintech/assets/images/paypal.png]
[rstheme.com/products/html/braintech/checkout.html]
[rstheme.com/products/html/braintech/my-account.html]
[rstheme.com/products/html/braintech/pricing.html]
[rstheme.com/products/html/braintech/assets/images/about/about-home.png]
[rstheme.com/products/html/braintech/faq.html]
[rstheme.com/products/html/braintech/error.html]
[rstheme.com/products/html/braintech/blog.html]
[rstheme.com/products/html/braintech/assets/images/rstheme.png]
[rstheme.com/products/html/braintech/blog-details.html]
[rstheme.com/products/html/braintech/contact.html]
[rstheme.com/products/html/braintech/assets/images/project/single/1.jpg]
[rstheme.com/products/html/braintech/assets/images/project/single/2.jpg]
[rstheme.com/products/html/braintech/case-studies-single.html]
[rstheme.com/products/html/braintech/case-studies-style1-2.html]
[rstheme.com/products/html/braintech/assets/fonts/fontawesome-webfont3e6e.svg]
[rstheme.com/products/html/braintech/assets/fonts/Flaticon.svg]
[rstheme.com/products/html/braintech/assets/css/owl.video.play.html]
[rstheme.com/products/html/braintech/assets/images/bg/home13/counter-bg.html]
[rstheme.com/products/html/braintech/assets/images/services/main-home/icons/bg-box-2.html]
[rstheme.com/products/html/braintech/assets/images/services/main-home/icons/bg-box-3.html]
[rstheme.com/products/html/braintech/assets/images/bg/error.html]
[rstheme.com/products/html/braintech/blog-single.html]
[rstheme.com/products/html/braintech/blog-details-2.html]
[rstheme.com/products/html/braintech/Web Development.html]
[rstheme.com/products/html/braintech/about.htmweb-development.html]
[rstheme.com/products/html/braintech/case-stublog-details.html]
[rstheme.com/products/html/braintech/web-blog-details.html]
[rstheme.com/products/html/braintech/web-development.htmcase-studies-style1.html]
